// Jest Snapshot v1, https://goo.gl/fbAQLP

exports[`Indicator snake spinner render without crash 1`] = `
<div>
  <div
    className="ugli-spinner"
    style={
      Object {
        "borderBottomColor": "aqua",
        "borderLeftColor": "aqua",
        "borderTopColor": "aqua",
        "height": "16px",
        "width": "16px",
      }
    }
  />
  <div
    className="spinner-text"
  >
    Loading...
  </div>
</div>
`;
